{
  "level": "INFO",
  "name": "test_logging.test_golden",
  "message": "Loading configuration",
  "correlation_id": "abc-123",
  "operation": "load-settings",
  "status": "started",
  "env_var": "KGFOUNDRY_API_KEY",
  "ts": "2024-01-01T00:00:00.000Z"
}
